// Jest Snapshot v1, https://goo.gl/fbAQLP

exports[`useDenormalized() List paginated results should referentially change when the result extends 1`] = `
{
  "results": [
    PaginatedArticleResource {
      "author": null,
      "content": "",
      "id": 5,
      "tags": [],
      "title": "",
    },
    PaginatedArticleResource {
      "author": null,
      "content": "",
      "id": 6,
      "tags": [],
      "title": "",
    },
    PaginatedArticleResource {
      "author": null,
      "content": "",
      "id": 34,
      "tags": [],
      "title": "five",
    },
    PaginatedArticleResource {
      "author": null,
      "content": "",
      "id": 5,
      "tags": [],
      "title": "",
    },
  ],
}
`;
