// Jest Snapshot v1, https://goo.gl/fbAQLP

exports[`CacheProvider Optimistic Updates race conditions should error when user error happens 1`] = `
[Error: Error processing toggle [5]

Full Schema: {
  "name": "Toggle",
  "schema": {},
  "key": "Toggle"
}

Error:
this should fail]
`;

exports[`ExternalCacheProvider Optimistic Updates race conditions should error when user error happens 1`] = `
[Error: Error processing toggle [5]

Full Schema: {
  "name": "Toggle",
  "schema": {},
  "key": "Toggle"
}

Error:
this should fail]
`;
