// Jest Snapshot v1, https://goo.gl/fbAQLP

exports[`useFetchDispatcher should dispatch an action that fetches a create 1`] = `
{
  "meta": {
    "args": [
      {},
      {
        "content": "hi",
      },
    ],
    "key": "POST http://test.com/article-cooler/",
    "options": {
      "errorPolicy": [Function],
      "fetchInit": {},
      "getFetchInit": [Function],
      "method": "POST",
      "signal": undefined,
      "url": [Function],
      "useFetchInit": [Function],
    },
    "reject": [Function],
    "resolve": [Function],
    "schema": [Function],
    "throttle": false,
    "type": "mutate",
  },
  "payload": [Function],
  "type": "rest-hooks/fetch",
}
`;
