// Jest Snapshot v1, https://goo.gl/fbAQLP

exports[`useResource() should throw error when response is {} when expecting entity 1`] = `
[
  [
    "Attempted to initialize CoolerArticleResource with no matching keys found

  This is likely due to a malformed response.
  Try inspecting the network response or fetch() return value.
  Or use debugging tools: https://resthooks.io/docs/guides/debugging
  Learn more about schemas: https://resthooks.io/docs/api/schema
  If this is a mistake, you can disable this check by setting static automaticValidation = 'silent'

  Expected keys:
    Found: 
    Missing: id,title,content,author,tags
  Value: {}",
  ],
]
`;

exports[`useResource() should throw error when response is array when expecting entity 1`] = `
[
  [
    "Attempted to initialize CoolerArticleResource with no matching keys found

  This is likely due to a malformed response.
  Try inspecting the network response or fetch() return value.
  Or use debugging tools: https://resthooks.io/docs/guides/debugging
  Learn more about schemas: https://resthooks.io/docs/api/schema
  If this is a mistake, you can disable this check by setting static automaticValidation = 'silent'

  Expected keys:
    Found: 
    Missing: id,title,content,author,tags
  Value: {}",
  ],
]
`;

exports[`useResource() should throw error when response is number when expecting entity 1`] = `
[
  [
    "Attempted to initialize CoolerArticleResource with no matching keys found

  This is likely due to a malformed response.
  Try inspecting the network response or fetch() return value.
  Or use debugging tools: https://resthooks.io/docs/guides/debugging
  Learn more about schemas: https://resthooks.io/docs/api/schema
  If this is a mistake, you can disable this check by setting static automaticValidation = 'silent'

  Expected keys:
    Found: 
    Missing: id,title,content,author,tags
  Value: {}",
  ],
]
`;

exports[`useResource() should throw error when response is string when expecting entity 1`] = `
[
  [
    "Attempted to initialize CoolerArticleResource with no matching keys found

  This is likely due to a malformed response.
  Try inspecting the network response or fetch() return value.
  Or use debugging tools: https://resthooks.io/docs/guides/debugging
  Learn more about schemas: https://resthooks.io/docs/api/schema
  If this is a mistake, you can disable this check by setting static automaticValidation = 'silent'

  Expected keys:
    Found: 
    Missing: id,title,content,author,tags
  Value: {}",
  ],
]
`;
